2025-12-23 15:57:34,375: 15deg.parquet created: contains 
         mu_R0  mu_c1_inv  mu_tau1_inv  mu_c2_inv  mu_tau2_inv       mu_T  \
SOC                                                                        
5    0.032648   0.001284     0.193206   0.001921     0.008316  13.989321   
10   0.029967   0.000849     0.100453   0.000639     0.009075  13.975132   
15   0.027791   0.000771     0.089083   0.000458     0.010771  13.879715   
20   0.026106   0.000712     0.091029   0.000399     0.013518  13.854860   
25   0.024860   0.000657     0.098466   0.000327     0.014439  13.917994   
30   0.024118   0.000949     0.102872   0.000232     0.013587  13.902278   
35   0.023921   0.000939     0.105269   0.000249     0.013954  13.879736   
40   0.023676   0.000956     0.094309   0.000232     0.011868  13.992881   
45   0.023718   0.000980     0.092182   0.000237     0.011740  13.960651   
50   0.023831   0.000974     0.096947   0.000253     0.013279  13.922819   
55   0.023938   0.001010     0.102634   0.000253     0.015067  13.896901   
60   0.024087   0.001080     0.106958   0.000221     0.015975  13.987824   
65   0.024176   0.001535     0.102560   0.000129     0.012172  13.953510   
70   0.024353   0.001118     0.094627   0.000382     0.012053  13.878443   
75   0.024700   0.001179     0.086309   0.000457     0.011332  13.948684   
80   0.025656   0.001207     0.090206   0.000465     0.013627  13.981147   
85   0.026675   0.001258     0.097178   0.000405     0.014963  13.921933   
90   0.028125   0.001433     0.133846   0.000409     0.017461  13.884234   
95   0.029576   0.002410     0.302172   0.000582     0.023244  13.894949   
100  0.030438   0.004081     0.291463   0.000249     0.020643  13.956648   

     sigma_R0  sigma_c1_inv  sigma_tau1_inv  sigma_c2_inv  sigma_tau2_inv  \
SOC                                                                         
5    0.002290      0.000345        0.016170      0.000073        0.000209   
10   0.001336      0.000093        0.005260      0.000023        0.000239   
15   0.000629      0.000059        0.002508      0.000012        0.000198   
20   0.000581      0.000046        0.003288      0.000016        0.000249   
25   0.000461      0.000045        0.003848      0.000016        0.000232   
30   0.000366      0.000041        0.002921      0.000026        0.000255   
35   0.000303      0.000045        0.002806      0.000011        0.000212   
40   0.000307      0.000043        0.002685      0.000012        0.000189   
45   0.000309      0.000043        0.001972      0.000008        0.000146   
50   0.000367      0.000045        0.003135      0.000013        0.000216   
55   0.000292      0.000049        0.002623      0.000012        0.000216   
60   0.000394      0.000058        0.003293      0.000012        0.000314   
65   0.000305      0.000071        0.003614      0.000018        0.000268   
70   0.000427      0.000072        0.002835      0.000015        0.000200   
75   0.000485      0.000063        0.002341      0.000016        0.000133   
80   0.000538      0.000058        0.002295      0.000017        0.000131   
85   0.001152      0.000071        0.005876      0.000027        0.000320   
90   0.001292      0.000081        0.010787      0.000035        0.000396   
95   0.002302      0.000557        0.060784      0.000069        0.001369   
100  0.002065      0.000958        0.047165      0.000079        0.000678   

      sigma_T                                               CORR  
SOC                                                               
5    0.176744  [1.0, -0.2716725552730342, -0.7032959572993003...  
10   0.180900  [1.0, -0.2716725552730342, -0.7032959572993003...  
15   0.187549  [1.0, -0.2716725552730342, -0.7032959572993003...  
20   0.183796  [1.0, -0.2716725552730342, -0.7032959572993003...  
25   0.170836  [1.0, -0.2716725552730342, -0.7032959572993003...  
30   0.174675  [1.0, -0.2716725552730342, -0.7032959572993003...  
35   0.168024  [1.0, -0.2716725552730342, -0.7032959572993003...  
40   0.163004  [1.0, -0.2716725552730342, -0.7032959572993003...  
45   0.173971  [1.0, -0.2716725552730342, -0.7032959572993003...  
50   0.179026  [1.0, -0.2716725552730342, -0.7032959572993003...  
55   0.173365  [1.0, -0.2716725552730342, -0.7032959572993003...  
60   0.176481  [1.0, -0.2716725552730342, -0.7032959572993003...  
65   0.180698  [1.0, -0.2716725552730342, -0.7032959572993003...  
70   0.182513  [1.0, -0.2716725552730342, -0.7032959572993003...  
75   0.177741  [1.0, -0.2716725552730342, -0.7032959572993003...  
80   0.180844  [1.0, -0.2716725552730342, -0.7032959572993003...  
85   0.186229  [1.0, -0.2716725552730342, -0.7032959572993003...  
90   0.186043  [1.0, -0.2716725552730342, -0.7032959572993003...  
95   0.182665  [1.0, -0.2716725552730342, -0.7032959572993003...  
100  0.184363  [1.0, -0.2716725552730342, -0.7032959572993003...   


2025-12-23 15:57:34,947: 25deg.parquet created: contains 
         mu_R0  mu_c1_inv  mu_tau1_inv  mu_c2_inv  mu_tau2_inv       mu_T  \
SOC                                                                        
5    0.021113   0.000667     0.092957   0.000455     0.007182  24.711512   
10   0.019699   0.000639     0.087248   0.000335     0.008741  24.712588   
15   0.018708   0.000609     0.083961   0.000278     0.010702  24.821722   
20   0.018010   0.000465     0.082985   0.000290     0.013079  24.813001   
25   0.017668   0.000755     0.113101   0.000163     0.015055  24.706861   
30   0.017464   0.000799     0.112915   0.000174     0.015238  24.820101   
35   0.017431   0.000706     0.124782   0.000245     0.016915  24.714904   
40   0.017256   0.000707     0.116173   0.000233     0.016160  24.813873   
45   0.017307   0.000723     0.092036   0.000190     0.011730  24.692962   
50   0.017227   0.000692     0.094795   0.000203     0.012652  24.817617   
55   0.017273   0.000716     0.106025   0.000197     0.016739  24.812178   
60   0.017285   0.000779     0.108493   0.000172     0.016884  24.857922   
65   0.017360   0.000811     0.089254   0.000263     0.012722  24.840423   
70   0.017406   0.000739     0.084388   0.000310     0.010883  24.823957   
75   0.017740   0.000823     0.079967   0.000404     0.013824  24.842493   
80   0.018104   0.000893     0.086748   0.000388     0.015206  24.806772   
85   0.018681   0.000914     0.092347   0.000287     0.015965  24.844461   
90   0.019299   0.001020     0.100799   0.000219     0.015924  24.789461   
95   0.020327   0.001121     0.116035   0.000168     0.015631  24.849306   
100  0.021282   0.001817     0.240991   0.000290     0.023608  24.810939   

     sigma_R0  sigma_c1_inv  sigma_tau1_inv  sigma_c2_inv  sigma_tau2_inv  \
SOC                                                                         
5    0.000423      0.000064        0.001963      0.000010        0.000128   
10   0.000260      0.000039        0.001275      0.000007        0.000142   
15   0.000217      0.000037        0.001572      0.000009        0.000647   
20   0.000208      0.000086        0.003229      0.000020        0.001071   
25   0.000234      0.000043        0.003676      0.000009        0.000304   
30   0.000220      0.000050        0.003954      0.000030        0.000418   
35   0.000148      0.000041        0.004753      0.000012        0.000272   
40   0.000254      0.000052        0.005807      0.000017        0.000499   
45   0.000193      0.000048        0.002015      0.000010        0.000174   
50   0.000222      0.000043        0.003828      0.000012        0.000635   
55   0.000212      0.000041        0.004237      0.000017        0.000466   
60   0.000214      0.000070        0.004671      0.000017        0.000428   
65   0.000250      0.000055        0.002304      0.000015        0.000235   
70   0.000203      0.000057        0.002267      0.000014        0.000226   
75   0.000264      0.000050        0.002000      0.000014        0.000217   
80   0.000263      0.000055        0.001985      0.000017        0.000206   
85   0.000286      0.000051        0.002869      0.000020        0.000359   
90   0.000252      0.000070        0.002542      0.000015        0.000314   
95   0.000561      0.000071        0.006033      0.000021        0.000701   
100  0.000932      0.000219        0.028141      0.000035        0.000713   

      sigma_T                                               CORR  
SOC                                                               
5    0.158271  [1.0, -0.26801858346692553, -0.364603189687345...  
10   0.159635  [1.0, -0.26801858346692553, -0.364603189687345...  
15   0.206166  [1.0, -0.26801858346692553, -0.364603189687345...  
20   0.206634  [1.0, -0.26801858346692553, -0.364603189687345...  
25   0.157415  [1.0, -0.26801858346692553, -0.364603189687345...  
30   0.202657  [1.0, -0.26801858346692553, -0.364603189687345...  
35   0.157334  [1.0, -0.26801858346692553, -0.364603189687345...  
40   0.202676  [1.0, -0.26801858346692553, -0.364603189687345...  
45   0.162191  [1.0, -0.26801858346692553, -0.364603189687345...  
50   0.197877  [1.0, -0.26801858346692553, -0.364603189687345...  
55   0.200571  [1.0, -0.26801858346692553, -0.364603189687345...  
60   0.171317  [1.0, -0.26801858346692553, -0.364603189687345...  
65   0.192459  [1.0, -0.26801858346692553, -0.364603189687345...  
70   0.164018  [1.0, -0.26801858346692553, -0.364603189687345...  
75   0.193842  [1.0, -0.26801858346692553, -0.364603189687345...  
80   0.157048  [1.0, -0.26801858346692553, -0.364603189687345...  
85   0.195016  [1.0, -0.26801858346692553, -0.364603189687345...  
90   0.160184  [1.0, -0.26801858346692553, -0.364603189687345...  
95   0.192689  [1.0, -0.26801858346692553, -0.364603189687345...  
100  0.155038  [1.0, -0.26801858346692553, -0.364603189687345...   


2025-12-23 15:57:35,145: 35deg.parquet created: contains 
         mu_R0  mu_c1_inv  mu_tau1_inv  mu_c2_inv  mu_tau2_inv       mu_T  \
SOC                                                                        
5    0.018353   0.000326     0.112590   0.000697     0.005099  35.564203   
10   0.017049   0.000594     0.101836   0.000361     0.006158  35.543634   
15   0.016213   0.000606     0.097167   0.000267     0.007602  35.570284   
20   0.015663   0.000596     0.091909   0.000212     0.010047  35.556883   
25   0.015311   0.000327     0.087550   0.000234     0.013625  35.515305   
30   0.015057   0.000641     0.104763   0.000108     0.016147  35.562425   
35   0.014969   0.000570     0.108986   0.000206     0.018392  35.573394   
40   0.014858   0.000643     0.120128   0.000198     0.019137  35.564373   
45   0.014856   0.000589     0.097858   0.000151     0.014213  35.569137   
50   0.014852   0.000568     0.101483   0.000166     0.015287  35.523375   
55   0.014851   0.000594     0.108400   0.000159     0.017902  35.515844   
60   0.014903   0.000683     0.118029   0.000122     0.017417  35.513489   
65   0.015044   0.001092     0.101641   0.000048     0.014580  35.517796   
70   0.015040   0.000571     0.083080   0.000274     0.010178  35.519881   
75   0.015186   0.000723     0.083041   0.000327     0.013860  35.535693   
80   0.015540   0.000757     0.093915   0.000315     0.017187  35.545354   
85   0.015949   0.000812     0.100186   0.000224     0.016474  35.517137   
90   0.016390   0.000879     0.107153   0.000148     0.015551  35.444257   
95   0.017109   0.000923     0.113504   0.000112     0.014175  35.488564   
100  0.018022   0.001431     0.223526   0.000206     0.023566  35.544222   

     sigma_R0  sigma_c1_inv  sigma_tau1_inv  sigma_c2_inv  sigma_tau2_inv  \
SOC                                                                         
5    0.000471      0.000064        0.001541      0.000012        0.000051   
10   0.000240      0.000049        0.001215      0.000007        0.000086   
15   0.000183      0.000036        0.001058      0.000007        0.000137   
20   0.000106      0.000037        0.001274      0.000007        0.000250   
25   0.000174      0.000030        0.001661      0.000007        0.000395   
30   0.000167      0.000033        0.003323      0.000008        0.000433   
35   0.000195      0.000055        0.007844      0.000013        0.000778   
40   0.000142      0.000047        0.007691      0.000014        0.000820   
45   0.000118      0.000042        0.002404      0.000010        0.000372   
50   0.000189      0.000036        0.002347      0.000009        0.000401   
55   0.000189      0.000044        0.002845      0.000009        0.000566   
60   0.000191      0.000044        0.003263      0.000009        0.000552   
65   0.000183      0.000053        0.002427      0.000012        0.000276   
70   0.000170      0.000042        0.001515      0.000010        0.000196   
75   0.000167      0.000053        0.001746      0.000016        0.000258   
80   0.000220      0.000052        0.002919      0.000017        0.000450   
85   0.000163      0.000053        0.001894      0.000013        0.000396   
90   0.000220      0.000051        0.002020      0.000011        0.000347   
95   0.000268      0.000050        0.002854      0.000009        0.000446   
100  0.000539      0.000126        0.015437      0.000026        0.000608   

      sigma_T                                               CORR  
SOC                                                               
5    0.178865  [1.0, -0.15200228211681555, -0.372824196946443...  
10   0.177445  [1.0, -0.15200228211681555, -0.372824196946443...  
15   0.181342  [1.0, -0.15200228211681555, -0.372824196946443...  
20   0.179355  [1.0, -0.15200228211681555, -0.372824196946443...  
25   0.175322  [1.0, -0.15200228211681555, -0.372824196946443...  
30   0.175402  [1.0, -0.15200228211681555, -0.372824196946443...  
35   0.179256  [1.0, -0.15200228211681555, -0.372824196946443...  
40   0.180813  [1.0, -0.15200228211681555, -0.372824196946443...  
45   0.180767  [1.0, -0.15200228211681555, -0.372824196946443...  
50   0.170664  [1.0, -0.15200228211681555, -0.372824196946443...  
55   0.170911  [1.0, -0.15200228211681555, -0.372824196946443...  
60   0.169993  [1.0, -0.15200228211681555, -0.372824196946443...  
65   0.170453  [1.0, -0.15200228211681555, -0.372824196946443...  
70   0.174248  [1.0, -0.15200228211681555, -0.372824196946443...  
75   0.177818  [1.0, -0.15200228211681555, -0.372824196946443...  
80   0.176936  [1.0, -0.15200228211681555, -0.372824196946443...  
85   0.170429  [1.0, -0.15200228211681555, -0.372824196946443...  
90   0.162554  [1.0, -0.15200228211681555, -0.372824196946443...  
95   0.168145  [1.0, -0.15200228211681555, -0.372824196946443...  
100  0.180285  [1.0, -0.15200228211681555, -0.372824196946443...   


2025-12-23 15:57:35,270: 45deg.parquet created: contains 
         mu_R0  mu_c1_inv  mu_tau1_inv  mu_c2_inv  mu_tau2_inv       mu_T  \
SOC                                                                        
5    0.016164   0.000227     0.126077   0.000617     0.004593  46.781007   
10   0.015229   0.000557     0.117759   0.000318     0.005457  46.827151   
15   0.014677   0.000613     0.112918   0.000232     0.006560  46.784011   
20   0.014343   0.000613     0.106446   0.000177     0.008322  46.519525   
25   0.014174   0.000285     0.096180   0.000220     0.011755  46.210341   
30   0.013943   0.000588     0.097319   0.000063     0.015564  46.663336   
35   0.013861   0.000536     0.092462   0.000135     0.016726  46.574529   
40   0.013832   0.000551     0.113605   0.000165     0.021129  46.270920   
45   0.013793   0.000563     0.117923   0.000174     0.021132  46.455148   
50   0.013793   0.000514     0.106283   0.000130     0.016462  46.729535   
55   0.013746   0.000508     0.107646   0.000135     0.016537  46.685496   
60   0.013793   0.000575     0.120914   0.000109     0.018238  46.620775   
65   0.013894   0.000961     0.109101   0.000023     0.015660  46.759719   
70   0.013911   0.000490     0.091538   0.000232     0.010458  46.676127   
75   0.014040   0.000605     0.092544   0.000290     0.015150  46.697200   
80   0.014284   0.000683     0.101711   0.000253     0.017820  46.801079   
85   0.014583   0.000735     0.111281   0.000173     0.016698  46.841419   
90   0.014955   0.000767     0.120899   0.000117     0.015429  46.780462   
95   0.015490   0.000804     0.127775   0.000093     0.013783  46.726551   
100  0.016398   0.001204     0.218469   0.000148     0.023239  46.792090   

     sigma_R0  sigma_c1_inv  sigma_tau1_inv  sigma_c2_inv  sigma_tau2_inv  \
SOC                                                                         
5    0.000356      0.000063        0.001860      0.000009        0.000049   
10   0.000190      0.000043        0.001305      0.000005        0.000089   
15   0.000224      0.000042        0.001698      0.000005        0.000132   
20   0.000169      0.000039        0.001290      0.000005        0.000201   
25   0.000180      0.000037        0.001483      0.000008        0.000375   
30   0.000171      0.000031        0.002682      0.000009        0.000596   
35   0.000134      0.000036        0.002368      0.000010        0.000609   
40   0.000140      0.000009        0.005324      0.000011        0.000778   
45   0.000153      0.000039        0.005389      0.000011        0.000767   
50   0.000146      0.000026        0.003320      0.000008        0.000661   
55   0.000163      0.000042        0.003174      0.000010        0.000628   
60   0.000152      0.000067        0.008814      0.000015        0.000795   
65   0.000185      0.000046        0.002700      0.000008        0.000464   
70   0.000177      0.000038        0.001697      0.000008        0.000185   
75   0.000191      0.000047        0.001525      0.000011        0.000319   
80   0.000184      0.000045        0.002223      0.000011        0.000458   
85   0.000214      0.000045        0.002154      0.000011        0.000562   
90   0.000202      0.000035        0.002949      0.000008        0.000564   
95   0.000275      0.000042        0.002874      0.000006        0.000449   
100  0.000317      0.000093        0.009373      0.000014        0.000454   

      sigma_T                                               CORR  
SOC                                                               
5    0.315333  [1.0, -0.180247068866843, -0.3899591896040437,...  
10   0.321325  [1.0, -0.180247068866843, -0.3899591896040437,...  
15   0.315372  [1.0, -0.180247068866843, -0.3899591896040437,...  
20   0.272366  [1.0, -0.180247068866843, -0.3899591896040437,...  
25   0.228482  [1.0, -0.180247068866843, -0.3899591896040437,...  
30   0.294997  [1.0, -0.180247068866843, -0.3899591896040437,...  
35   0.283053  [1.0, -0.180247068866843, -0.3899591896040437,...  
40   0.236498  [1.0, -0.180247068866843, -0.3899591896040437,...  
45   0.263953  [1.0, -0.180247068866843, -0.3899591896040437,...  
50   0.304963  [1.0, -0.180247068866843, -0.3899591896040437,...  
55   0.300269  [1.0, -0.180247068866843, -0.3899591896040437,...  
60   0.280303  [1.0, -0.180247068866843, -0.3899591896040437,...  
65   0.314800  [1.0, -0.180247068866843, -0.3899591896040437,...  
70   0.302517  [1.0, -0.180247068866843, -0.3899591896040437,...  
75   0.303414  [1.0, -0.180247068866843, -0.3899591896040437,...  
80   0.316010  [1.0, -0.180247068866843, -0.3899591896040437,...  
85   0.320554  [1.0, -0.180247068866843, -0.3899591896040437,...  
90   0.315176  [1.0, -0.180247068866843, -0.3899591896040437,...  
95   0.307958  [1.0, -0.180247068866843, -0.3899591896040437,...  
100  0.317490  [1.0, -0.180247068866843, -0.3899591896040437,...   


2025-12-23 15:58:59,433: 15deg.parquet created: contains 
         mu_R0  mu_c1_inv  mu_tau1_inv  mu_c2_inv  mu_tau2_inv       mu_T  \
SOC                                                                        
5    0.032648   0.001284     0.193206   0.001921     0.008316  13.989321   
10   0.029967   0.000849     0.100453   0.000639     0.009075  13.975132   
15   0.027791   0.000771     0.089083   0.000458     0.010771  13.879715   
20   0.026106   0.000712     0.091029   0.000399     0.013518  13.854860   
25   0.024860   0.000657     0.098466   0.000327     0.014439  13.917994   
30   0.024118   0.000949     0.102872   0.000232     0.013587  13.902278   
35   0.023921   0.000939     0.105269   0.000249     0.013954  13.879736   
40   0.023676   0.000956     0.094309   0.000232     0.011868  13.992881   
45   0.023718   0.000980     0.092182   0.000237     0.011740  13.960651   
50   0.023831   0.000974     0.096947   0.000253     0.013279  13.922819   
55   0.023938   0.001010     0.102634   0.000253     0.015067  13.896901   
60   0.024087   0.001080     0.106958   0.000221     0.015975  13.987824   
65   0.024176   0.001535     0.102560   0.000129     0.012172  13.953510   
70   0.024353   0.001118     0.094627   0.000382     0.012053  13.878443   
75   0.024700   0.001179     0.086309   0.000457     0.011332  13.948684   
80   0.025656   0.001207     0.090206   0.000465     0.013627  13.981147   
85   0.026675   0.001258     0.097178   0.000405     0.014963  13.921933   
90   0.028125   0.001433     0.133846   0.000409     0.017461  13.884234   
95   0.029576   0.002410     0.302172   0.000582     0.023244  13.894949   
100  0.030438   0.004081     0.291463   0.000249     0.020643  13.956648   

     sigma_R0  sigma_c1_inv  sigma_tau1_inv  sigma_c2_inv  sigma_tau2_inv  \
SOC                                                                         
5    0.002290      0.000345        0.016170      0.000073        0.000209   
10   0.001336      0.000093        0.005260      0.000023        0.000239   
15   0.000629      0.000059        0.002508      0.000012        0.000198   
20   0.000581      0.000046        0.003288      0.000016        0.000249   
25   0.000461      0.000045        0.003848      0.000016        0.000232   
30   0.000366      0.000041        0.002921      0.000026        0.000255   
35   0.000303      0.000045        0.002806      0.000011        0.000212   
40   0.000307      0.000043        0.002685      0.000012        0.000189   
45   0.000309      0.000043        0.001972      0.000008        0.000146   
50   0.000367      0.000045        0.003135      0.000013        0.000216   
55   0.000292      0.000049        0.002623      0.000012        0.000216   
60   0.000394      0.000058        0.003293      0.000012        0.000314   
65   0.000305      0.000071        0.003614      0.000018        0.000268   
70   0.000427      0.000072        0.002835      0.000015        0.000200   
75   0.000485      0.000063        0.002341      0.000016        0.000133   
80   0.000538      0.000058        0.002295      0.000017        0.000131   
85   0.001152      0.000071        0.005876      0.000027        0.000320   
90   0.001292      0.000081        0.010787      0.000035        0.000396   
95   0.002302      0.000557        0.060784      0.000069        0.001369   
100  0.002065      0.000958        0.047165      0.000079        0.000678   

      sigma_T                                               CORR  
SOC                                                               
5    0.176744  [1.0, -0.2716725552730342, -0.7032959572993003...  
10   0.180900  [1.0, -0.2716725552730342, -0.7032959572993003...  
15   0.187549  [1.0, -0.2716725552730342, -0.7032959572993003...  
20   0.183796  [1.0, -0.2716725552730342, -0.7032959572993003...  
25   0.170836  [1.0, -0.2716725552730342, -0.7032959572993003...  
30   0.174675  [1.0, -0.2716725552730342, -0.7032959572993003...  
35   0.168024  [1.0, -0.2716725552730342, -0.7032959572993003...  
40   0.163004  [1.0, -0.2716725552730342, -0.7032959572993003...  
45   0.173971  [1.0, -0.2716725552730342, -0.7032959572993003...  
50   0.179026  [1.0, -0.2716725552730342, -0.7032959572993003...  
55   0.173365  [1.0, -0.2716725552730342, -0.7032959572993003...  
60   0.176481  [1.0, -0.2716725552730342, -0.7032959572993003...  
65   0.180698  [1.0, -0.2716725552730342, -0.7032959572993003...  
70   0.182513  [1.0, -0.2716725552730342, -0.7032959572993003...  
75   0.177741  [1.0, -0.2716725552730342, -0.7032959572993003...  
80   0.180844  [1.0, -0.2716725552730342, -0.7032959572993003...  
85   0.186229  [1.0, -0.2716725552730342, -0.7032959572993003...  
90   0.186043  [1.0, -0.2716725552730342, -0.7032959572993003...  
95   0.182665  [1.0, -0.2716725552730342, -0.7032959572993003...  
100  0.184363  [1.0, -0.2716725552730342, -0.7032959572993003...   


2025-12-23 15:58:59,858: 25deg.parquet created: contains 
         mu_R0  mu_c1_inv  mu_tau1_inv  mu_c2_inv  mu_tau2_inv       mu_T  \
SOC                                                                        
5    0.021113   0.000667     0.092957   0.000455     0.007182  24.711512   
10   0.019699   0.000639     0.087248   0.000335     0.008741  24.712588   
15   0.018708   0.000609     0.083961   0.000278     0.010702  24.821722   
20   0.018010   0.000465     0.082985   0.000290     0.013079  24.813001   
25   0.017668   0.000755     0.113101   0.000163     0.015055  24.706861   
30   0.017464   0.000799     0.112915   0.000174     0.015238  24.820101   
35   0.017431   0.000706     0.124782   0.000245     0.016915  24.714904   
40   0.017256   0.000707     0.116173   0.000233     0.016160  24.813873   
45   0.017307   0.000723     0.092036   0.000190     0.011730  24.692962   
50   0.017227   0.000692     0.094795   0.000203     0.012652  24.817617   
55   0.017273   0.000716     0.106025   0.000197     0.016739  24.812178   
60   0.017285   0.000779     0.108493   0.000172     0.016884  24.857922   
65   0.017360   0.000811     0.089254   0.000263     0.012722  24.840423   
70   0.017406   0.000739     0.084388   0.000310     0.010883  24.823957   
75   0.017740   0.000823     0.079967   0.000404     0.013824  24.842493   
80   0.018104   0.000893     0.086748   0.000388     0.015206  24.806772   
85   0.018681   0.000914     0.092347   0.000287     0.015965  24.844461   
90   0.019299   0.001020     0.100799   0.000219     0.015924  24.789461   
95   0.020327   0.001121     0.116035   0.000168     0.015631  24.849306   
100  0.021282   0.001817     0.240991   0.000290     0.023608  24.810939   

     sigma_R0  sigma_c1_inv  sigma_tau1_inv  sigma_c2_inv  sigma_tau2_inv  \
SOC                                                                         
5    0.000423      0.000064        0.001963      0.000010        0.000128   
10   0.000260      0.000039        0.001275      0.000007        0.000142   
15   0.000217      0.000037        0.001572      0.000009        0.000647   
20   0.000208      0.000086        0.003229      0.000020        0.001071   
25   0.000234      0.000043        0.003676      0.000009        0.000304   
30   0.000220      0.000050        0.003954      0.000030        0.000418   
35   0.000148      0.000041        0.004753      0.000012        0.000272   
40   0.000254      0.000052        0.005807      0.000017        0.000499   
45   0.000193      0.000048        0.002015      0.000010        0.000174   
50   0.000222      0.000043        0.003828      0.000012        0.000635   
55   0.000212      0.000041        0.004237      0.000017        0.000466   
60   0.000214      0.000070        0.004671      0.000017        0.000428   
65   0.000250      0.000055        0.002304      0.000015        0.000235   
70   0.000203      0.000057        0.002267      0.000014        0.000226   
75   0.000264      0.000050        0.002000      0.000014        0.000217   
80   0.000263      0.000055        0.001985      0.000017        0.000206   
85   0.000286      0.000051        0.002869      0.000020        0.000359   
90   0.000252      0.000070        0.002542      0.000015        0.000314   
95   0.000561      0.000071        0.006033      0.000021        0.000701   
100  0.000932      0.000219        0.028141      0.000035        0.000713   

      sigma_T                                               CORR  
SOC                                                               
5    0.158271  [1.0, -0.26801858346692553, -0.364603189687345...  
10   0.159635  [1.0, -0.26801858346692553, -0.364603189687345...  
15   0.206166  [1.0, -0.26801858346692553, -0.364603189687345...  
20   0.206634  [1.0, -0.26801858346692553, -0.364603189687345...  
25   0.157415  [1.0, -0.26801858346692553, -0.364603189687345...  
30   0.202657  [1.0, -0.26801858346692553, -0.364603189687345...  
35   0.157334  [1.0, -0.26801858346692553, -0.364603189687345...  
40   0.202676  [1.0, -0.26801858346692553, -0.364603189687345...  
45   0.162191  [1.0, -0.26801858346692553, -0.364603189687345...  
50   0.197877  [1.0, -0.26801858346692553, -0.364603189687345...  
55   0.200571  [1.0, -0.26801858346692553, -0.364603189687345...  
60   0.171317  [1.0, -0.26801858346692553, -0.364603189687345...  
65   0.192459  [1.0, -0.26801858346692553, -0.364603189687345...  
70   0.164018  [1.0, -0.26801858346692553, -0.364603189687345...  
75   0.193842  [1.0, -0.26801858346692553, -0.364603189687345...  
80   0.157048  [1.0, -0.26801858346692553, -0.364603189687345...  
85   0.195016  [1.0, -0.26801858346692553, -0.364603189687345...  
90   0.160184  [1.0, -0.26801858346692553, -0.364603189687345...  
95   0.192689  [1.0, -0.26801858346692553, -0.364603189687345...  
100  0.155038  [1.0, -0.26801858346692553, -0.364603189687345...   


2025-12-23 15:58:59,986: 35deg.parquet created: contains 
         mu_R0  mu_c1_inv  mu_tau1_inv  mu_c2_inv  mu_tau2_inv       mu_T  \
SOC                                                                        
5    0.018353   0.000326     0.112590   0.000697     0.005099  35.564203   
10   0.017049   0.000594     0.101836   0.000361     0.006158  35.543634   
15   0.016213   0.000606     0.097167   0.000267     0.007602  35.570284   
20   0.015663   0.000596     0.091909   0.000212     0.010047  35.556883   
25   0.015311   0.000327     0.087550   0.000234     0.013625  35.515305   
30   0.015057   0.000641     0.104763   0.000108     0.016147  35.562425   
35   0.014969   0.000570     0.108986   0.000206     0.018392  35.573394   
40   0.014858   0.000643     0.120128   0.000198     0.019137  35.564373   
45   0.014856   0.000589     0.097858   0.000151     0.014213  35.569137   
50   0.014852   0.000568     0.101483   0.000166     0.015287  35.523375   
55   0.014851   0.000594     0.108400   0.000159     0.017902  35.515844   
60   0.014903   0.000683     0.118029   0.000122     0.017417  35.513489   
65   0.015044   0.001092     0.101641   0.000048     0.014580  35.517796   
70   0.015040   0.000571     0.083080   0.000274     0.010178  35.519881   
75   0.015186   0.000723     0.083041   0.000327     0.013860  35.535693   
80   0.015540   0.000757     0.093915   0.000315     0.017187  35.545354   
85   0.015949   0.000812     0.100186   0.000224     0.016474  35.517137   
90   0.016390   0.000879     0.107153   0.000148     0.015551  35.444257   
95   0.017109   0.000923     0.113504   0.000112     0.014175  35.488564   
100  0.018022   0.001431     0.223526   0.000206     0.023566  35.544222   

     sigma_R0  sigma_c1_inv  sigma_tau1_inv  sigma_c2_inv  sigma_tau2_inv  \
SOC                                                                         
5    0.000471      0.000064        0.001541      0.000012        0.000051   
10   0.000240      0.000049        0.001215      0.000007        0.000086   
15   0.000183      0.000036        0.001058      0.000007        0.000137   
20   0.000106      0.000037        0.001274      0.000007        0.000250   
25   0.000174      0.000030        0.001661      0.000007        0.000395   
30   0.000167      0.000033        0.003323      0.000008        0.000433   
35   0.000195      0.000055        0.007844      0.000013        0.000778   
40   0.000142      0.000047        0.007691      0.000014        0.000820   
45   0.000118      0.000042        0.002404      0.000010        0.000372   
50   0.000189      0.000036        0.002347      0.000009        0.000401   
55   0.000189      0.000044        0.002845      0.000009        0.000566   
60   0.000191      0.000044        0.003263      0.000009        0.000552   
65   0.000183      0.000053        0.002427      0.000012        0.000276   
70   0.000170      0.000042        0.001515      0.000010        0.000196   
75   0.000167      0.000053        0.001746      0.000016        0.000258   
80   0.000220      0.000052        0.002919      0.000017        0.000450   
85   0.000163      0.000053        0.001894      0.000013        0.000396   
90   0.000220      0.000051        0.002020      0.000011        0.000347   
95   0.000268      0.000050        0.002854      0.000009        0.000446   
100  0.000539      0.000126        0.015437      0.000026        0.000608   

      sigma_T                                               CORR  
SOC                                                               
5    0.178865  [1.0, -0.15200228211681555, -0.372824196946443...  
10   0.177445  [1.0, -0.15200228211681555, -0.372824196946443...  
15   0.181342  [1.0, -0.15200228211681555, -0.372824196946443...  
20   0.179355  [1.0, -0.15200228211681555, -0.372824196946443...  
25   0.175322  [1.0, -0.15200228211681555, -0.372824196946443...  
30   0.175402  [1.0, -0.15200228211681555, -0.372824196946443...  
35   0.179256  [1.0, -0.15200228211681555, -0.372824196946443...  
40   0.180813  [1.0, -0.15200228211681555, -0.372824196946443...  
45   0.180767  [1.0, -0.15200228211681555, -0.372824196946443...  
50   0.170664  [1.0, -0.15200228211681555, -0.372824196946443...  
55   0.170911  [1.0, -0.15200228211681555, -0.372824196946443...  
60   0.169993  [1.0, -0.15200228211681555, -0.372824196946443...  
65   0.170453  [1.0, -0.15200228211681555, -0.372824196946443...  
70   0.174248  [1.0, -0.15200228211681555, -0.372824196946443...  
75   0.177818  [1.0, -0.15200228211681555, -0.372824196946443...  
80   0.176936  [1.0, -0.15200228211681555, -0.372824196946443...  
85   0.170429  [1.0, -0.15200228211681555, -0.372824196946443...  
90   0.162554  [1.0, -0.15200228211681555, -0.372824196946443...  
95   0.168145  [1.0, -0.15200228211681555, -0.372824196946443...  
100  0.180285  [1.0, -0.15200228211681555, -0.372824196946443...   


2025-12-23 15:59:00,087: 45deg.parquet created: contains 
         mu_R0  mu_c1_inv  mu_tau1_inv  mu_c2_inv  mu_tau2_inv       mu_T  \
SOC                                                                        
5    0.016164   0.000227     0.126077   0.000617     0.004593  46.781007   
10   0.015229   0.000557     0.117759   0.000318     0.005457  46.827151   
15   0.014677   0.000613     0.112918   0.000232     0.006560  46.784011   
20   0.014343   0.000613     0.106446   0.000177     0.008322  46.519525   
25   0.014174   0.000285     0.096180   0.000220     0.011755  46.210341   
30   0.013943   0.000588     0.097319   0.000063     0.015564  46.663336   
35   0.013861   0.000536     0.092462   0.000135     0.016726  46.574529   
40   0.013832   0.000551     0.113605   0.000165     0.021129  46.270920   
45   0.013793   0.000563     0.117923   0.000174     0.021132  46.455148   
50   0.013793   0.000514     0.106283   0.000130     0.016462  46.729535   
55   0.013746   0.000508     0.107646   0.000135     0.016537  46.685496   
60   0.013793   0.000575     0.120914   0.000109     0.018238  46.620775   
65   0.013894   0.000961     0.109101   0.000023     0.015660  46.759719   
70   0.013911   0.000490     0.091538   0.000232     0.010458  46.676127   
75   0.014040   0.000605     0.092544   0.000290     0.015150  46.697200   
80   0.014284   0.000683     0.101711   0.000253     0.017820  46.801079   
85   0.014583   0.000735     0.111281   0.000173     0.016698  46.841419   
90   0.014955   0.000767     0.120899   0.000117     0.015429  46.780462   
95   0.015490   0.000804     0.127775   0.000093     0.013783  46.726551   
100  0.016398   0.001204     0.218469   0.000148     0.023239  46.792090   

     sigma_R0  sigma_c1_inv  sigma_tau1_inv  sigma_c2_inv  sigma_tau2_inv  \
SOC                                                                         
5    0.000356      0.000063        0.001860      0.000009        0.000049   
10   0.000190      0.000043        0.001305      0.000005        0.000089   
15   0.000224      0.000042        0.001698      0.000005        0.000132   
20   0.000169      0.000039        0.001290      0.000005        0.000201   
25   0.000180      0.000037        0.001483      0.000008        0.000375   
30   0.000171      0.000031        0.002682      0.000009        0.000596   
35   0.000134      0.000036        0.002368      0.000010        0.000609   
40   0.000140      0.000009        0.005324      0.000011        0.000778   
45   0.000153      0.000039        0.005389      0.000011        0.000767   
50   0.000146      0.000026        0.003320      0.000008        0.000661   
55   0.000163      0.000042        0.003174      0.000010        0.000628   
60   0.000152      0.000067        0.008814      0.000015        0.000795   
65   0.000185      0.000046        0.002700      0.000008        0.000464   
70   0.000177      0.000038        0.001697      0.000008        0.000185   
75   0.000191      0.000047        0.001525      0.000011        0.000319   
80   0.000184      0.000045        0.002223      0.000011        0.000458   
85   0.000214      0.000045        0.002154      0.000011        0.000562   
90   0.000202      0.000035        0.002949      0.000008        0.000564   
95   0.000275      0.000042        0.002874      0.000006        0.000449   
100  0.000317      0.000093        0.009373      0.000014        0.000454   

      sigma_T                                               CORR  
SOC                                                               
5    0.315333  [1.0, -0.180247068866843, -0.3899591896040437,...  
10   0.321325  [1.0, -0.180247068866843, -0.3899591896040437,...  
15   0.315372  [1.0, -0.180247068866843, -0.3899591896040437,...  
20   0.272366  [1.0, -0.180247068866843, -0.3899591896040437,...  
25   0.228482  [1.0, -0.180247068866843, -0.3899591896040437,...  
30   0.294997  [1.0, -0.180247068866843, -0.3899591896040437,...  
35   0.283053  [1.0, -0.180247068866843, -0.3899591896040437,...  
40   0.236498  [1.0, -0.180247068866843, -0.3899591896040437,...  
45   0.263953  [1.0, -0.180247068866843, -0.3899591896040437,...  
50   0.304963  [1.0, -0.180247068866843, -0.3899591896040437,...  
55   0.300269  [1.0, -0.180247068866843, -0.3899591896040437,...  
60   0.280303  [1.0, -0.180247068866843, -0.3899591896040437,...  
65   0.314800  [1.0, -0.180247068866843, -0.3899591896040437,...  
70   0.302517  [1.0, -0.180247068866843, -0.3899591896040437,...  
75   0.303414  [1.0, -0.180247068866843, -0.3899591896040437,...  
80   0.316010  [1.0, -0.180247068866843, -0.3899591896040437,...  
85   0.320554  [1.0, -0.180247068866843, -0.3899591896040437,...  
90   0.315176  [1.0, -0.180247068866843, -0.3899591896040437,...  
95   0.307958  [1.0, -0.180247068866843, -0.3899591896040437,...  
100  0.317490  [1.0, -0.180247068866843, -0.3899591896040437,...   


